exports[`default view`] = `
<div
  className="todoapp">
  <header
    className="header">
    <h1>
      todos
    </h1>
    <input
      autoFocus="true"
      className="new-todo"
      onBlur={[Function bound handleBlur]}
      onChange={[Function bound handleChange]}
      onKeyDown={[Function bound handleSubmit]}
      placeholder="What needs to be done?"
      type="text"
      value="" />
  </header>
</div>
`;
